Archive member included to satisfy reference by file (symbol)

/usr/bin/../lib/gcc/arm-none-eabi/7.3.1/../../../../arm-none-eabi/lib/thumb/v7e-m/fpv4-sp/hard/libc_nano.a(lib_a-exit.o)
                              /usr/bin/../lib/gcc/arm-none-eabi/7.3.1/../../../../arm-none-eabi/lib/thumb/v7e-m/fpv4-sp/hard/crt0.o (exit)
/usr/bin/../lib/gcc/arm-none-eabi/7.3.1/../../../../arm-none-eabi/lib/thumb/v7e-m/fpv4-sp/hard/libc_nano.a(lib_a-impure.o)
                              /usr/bin/../lib/gcc/arm-none-eabi/7.3.1/../../../../arm-none-eabi/lib/thumb/v7e-m/fpv4-sp/hard/libc_nano.a(lib_a-exit.o) (_global_impure_ptr)
/usr/bin/../lib/gcc/arm-none-eabi/7.3.1/../../../../arm-none-eabi/lib/thumb/v7e-m/fpv4-sp/hard/libc_nano.a(lib_a-init.o)
                              /usr/bin/../lib/gcc/arm-none-eabi/7.3.1/../../../../arm-none-eabi/lib/thumb/v7e-m/fpv4-sp/hard/crt0.o (__libc_init_array)
/usr/bin/../lib/gcc/arm-none-eabi/7.3.1/../../../../arm-none-eabi/lib/thumb/v7e-m/fpv4-sp/hard/libc_nano.a(lib_a-memcpy-stub.o)
                              _build/nrf52832_xxaa/nrf_memobj.c.o (memcpy)
/usr/bin/../lib/gcc/arm-none-eabi/7.3.1/../../../../arm-none-eabi/lib/thumb/v7e-m/fpv4-sp/hard/libc_nano.a(lib_a-memset.o)
                              /usr/bin/../lib/gcc/arm-none-eabi/7.3.1/../../../../arm-none-eabi/lib/thumb/v7e-m/fpv4-sp/hard/crt0.o (memset)
/usr/bin/../lib/gcc/arm-none-eabi/7.3.1/../../../../arm-none-eabi/lib/thumb/v7e-m/fpv4-sp/hard/libc_nano.a(lib_a-strlen.o)
                              _build/nrf52832_xxaa/nrf_fprintf_format.c.o (strlen)
/usr/bin/../lib/gcc/arm-none-eabi/7.3.1/../../../../arm-none-eabi/lib/thumb/v7e-m/fpv4-sp/hard/libnosys.a(_exit.o)
                              /usr/bin/../lib/gcc/arm-none-eabi/7.3.1/../../../../arm-none-eabi/lib/thumb/v7e-m/fpv4-sp/hard/libc_nano.a(lib_a-exit.o) (_exit)

Allocating common symbols
Common symbol       size              file

nrf_nvic_state      0xc               _build/nrf52832_xxaa/app_util_platform.c.o

Discarded input sections

 .text          0x0000000000000000        0x0 /usr/bin/../lib/gcc/arm-none-eabi/7.3.1/thumb/v7e-m/fpv4-sp/hard/crti.o
 .data          0x0000000000000000        0x0 /usr/bin/../lib/gcc/arm-none-eabi/7.3.1/thumb/v7e-m/fpv4-sp/hard/crti.o
 .bss           0x0000000000000000        0x0 /usr/bin/../lib/gcc/arm-none-eabi/7.3.1/thumb/v7e-m/fpv4-sp/hard/crti.o
 .data          0x0000000000000000        0x4 /usr/bin/../lib/gcc/arm-none-eabi/7.3.1/thumb/v7e-m/fpv4-sp/hard/crtbegin.o
 .data          0x0000000000000000        0x0 /usr/bin/../lib/gcc/arm-none-eabi/7.3.1/../../../../arm-none-eabi/lib/thumb/v7e-m/fpv4-sp/hard/crt0.o
 .bss           0x0000000000000000        0x0 /usr/bin/../lib/gcc/arm-none-eabi/7.3.1/../../../../arm-none-eabi/lib/thumb/v7e-m/fpv4-sp/hard/crt0.o
 .ARM.extab     0x0000000000000000        0x0 /usr/bin/../lib/gcc/arm-none-eabi/7.3.1/../../../../arm-none-eabi/lib/thumb/v7e-m/fpv4-sp/hard/crt0.o
 .data          0x0000000000000000        0x0 _build/nrf52832_xxaa/gcc_startup_nrf52.S.o
 .bss           0x0000000000000000        0x0 _build/nrf52832_xxaa/gcc_startup_nrf52.S.o
 .group         0x0000000000000000        0xc _build/nrf52832_xxaa/nrf_log_frontend.c.o
 .group         0x0000000000000000        0xc _build/nrf52832_xxaa/nrf_log_frontend.c.o
 .group         0x0000000000000000        0xc _build/nrf52832_xxaa/nrf_log_frontend.c.o
 .group         0x0000000000000000        0xc _build/nrf52832_xxaa/nrf_log_frontend.c.o
 .group         0x0000000000000000        0xc _build/nrf52832_xxaa/nrf_log_frontend.c.o
 .group         0x0000000000000000        0xc _build/nrf52832_xxaa/nrf_log_frontend.c.o
 .group         0x0000000000000000        0xc _build/nrf52832_xxaa/nrf_log_frontend.c.o
 .group         0x0000000000000000        0xc _build/nrf52832_xxaa/nrf_log_frontend.c.o
 .group         0x0000000000000000        0xc _build/nrf52832_xxaa/nrf_log_frontend.c.o
 .group         0x0000000000000000        0xc _build/nrf52832_xxaa/nrf_log_frontend.c.o
 .group         0x0000000000000000        0xc _build/nrf52832_xxaa/nrf_log_frontend.c.o
 .group         0x0000000000000000        0xc _build/nrf52832_xxaa/nrf_log_frontend.c.o
 .group         0x0000000000000000        0xc _build/nrf52832_xxaa/nrf_log_frontend.c.o
 .group         0x0000000000000000        0xc _build/nrf52832_xxaa/nrf_log_frontend.c.o
 .group         0x0000000000000000        0xc _build/nrf52832_xxaa/nrf_log_frontend.c.o
 .group         0x0000000000000000        0xc _build/nrf52832_xxaa/nrf_log_frontend.c.o
 .group         0x0000000000000000        0xc _build/nrf52832_xxaa/nrf_log_frontend.c.o
 .group         0x0000000000000000        0xc _build/nrf52832_xxaa/nrf_log_frontend.c.o
 .group         0x0000000000000000        0xc _build/nrf52832_xxaa/nrf_log_frontend.c.o
 .group         0x0000000000000000        0xc _build/nrf52832_xxaa/nrf_log_frontend.c.o
 .group         0x0000000000000000        0xc _build/nrf52832_xxaa/nrf_log_frontend.c.o
[...]
Memory Configuration

Name             Origin             Length             Attributes
FLASH            0x0000000000026000 0x000000000005a000 xr
RAM              0x00000000200057b8 0x000000000000a848 xrw
*default*        0x0000000000000000 0xffffffffffffffff

Linker script and memory map


.text           0x0000000000026000      0x928
 *(.isr_vector)
 .isr_vector    0x0000000000026000      0x200 _build/nrf52832_xxaa/gcc_startup_nrf52.S.o
                0x0000000000026000                __isr_vector
 *(.text*)
 .text          0x0000000000026200       0x40 /usr/bin/../lib/gcc/arm-none-eabi/7.3.1/thumb/v7e-m/fpv4-sp/hard/crtbegin.o
 .text          0x0000000000026240       0x74 /usr/bin/../lib/gcc/arm-none-eabi/7.3.1/../../../../arm-none-eabi/lib/thumb/v7e-m/fpv4-sp/hard/crt0.o
                0x0000000000026240                _mainCRTStartup
                0x0000000000026240                _start
 .text          0x00000000000262b4       0x3c _build/nrf52832_xxaa/gcc_startup_nrf52.S.o
                0x00000000000262b4                Reset_Handler
                0x00000000000262dc                NMI_Handler
                0x00000000000262de                HardFault_Handler
                0x00000000000262e0                MemoryManagement_Handler
                0x00000000000262e2                BusFault_Handler
                0x00000000000262e4                UsageFault_Handler
                0x00000000000262e6                SVC_Handler
                0x00000000000262e8                DebugMon_Handler
                0x00000000000262ea                PendSV_Handler
                0x00000000000262ec                SysTick_Handler
                0x00000000000262ee                TIMER2_IRQHandler
                0x00000000000262ee                RTC0_IRQHandler
                0x00000000000262ee                SWI0_EGU0_IRQHandler
                0x00000000000262ee                GPIOTE_IRQHandler
                0x00000000000262ee                PWM1_IRQHandler
                0x00000000000262ee                POWER_CLOCK_IRQHandler
                0x00000000000262ee                RADIO_IRQHandler
                0x00000000000262ee                PDM_IRQHandler
                0x00000000000262ee                TEMP_IRQHandler
                0x00000000000262ee                QDEC_IRQHandler
                0x00000000000262ee                TIMER3_IRQHandler
                0x00000000000262ee                FPU_IRQHandler
                0x00000000000262ee                SPIM0_SPIS0_TWIM0_TWIS0_SPI0_TWI0_IRQHandler
                0x00000000000262ee                UARTE0_UART0_IRQHandler
                0x00000000000262ee                TIMER4_IRQHandler
                0x00000000000262ee                I2S_IRQHandler
                0x00000000000262ee                SWI4_EGU4_IRQHandler
                0x00000000000262ee                TIMER0_IRQHandler
                0x00000000000262ee                TIMER1_IRQHandler
                0x00000000000262ee                PWM2_IRQHandler
                0x00000000000262ee                ECB_IRQHandler
                0x00000000000262ee                SPIM1_SPIS1_TWIM1_TWIS1_SPI1_TWI1_IRQHandler
                0x00000000000262ee                Default_Handler
                0x00000000000262ee                SAADC_IRQHandler
                0x00000000000262ee                CCM_AAR_IRQHandler
                0x00000000000262ee                WDT_IRQHandler
                0x00000000000262ee                SWI5_EGU5_IRQHandler
                0x00000000000262ee                RNG_IRQHandler
                0x00000000000262ee                RTC2_IRQHandler
                0x00000000000262ee                PWM0_IRQHandler
                0x00000000000262ee                SWI3_EGU3_IRQHandler
                0x00000000000262ee                RTC1_IRQHandler
                0x00000000000262ee                SWI1_EGU1_IRQHandler
                0x00000000000262ee                SPIM2_SPIS2_SPI2_IRQHandler
                0x00000000000262ee                NFCT_IRQHandler
                0x00000000000262ee                MWU_IRQHandler
                0x00000000000262ee                COMP_LPCOMP_IRQHandler
 .text.bsp_board_led_invert
                0x00000000000262f0       0x24 _build/nrf52832_xxaa/boards.c.o
                0x00000000000262f0                bsp_board_led_invert
 .text.bsp_board_init
                0x0000000000026314       0x5c _build/nrf52832_xxaa/boards.c.o
                0x0000000000026314                bsp_board_init
 .text.app_error_handler_bare
                0x0000000000026370       0x20 _build/nrf52832_xxaa/app_error.c.o
                0x0000000000026370                app_error_handler_bare
 .text.app_error_fault_handler
                0x0000000000026390       0x34 _build/nrf52832_xxaa/app_error_weak.c.o
                0x0000000000026390                app_error_fault_handler
 .text.nrf_section_iter_init
                0x00000000000263c4       0x14 _build/nrf52832_xxaa/nrf_section_iter.c.o
                0x00000000000263c4                nrf_section_iter_init
 .text.nrf_section_iter_next
                0x00000000000263d8       0x18 _build/nrf52832_xxaa/nrf_section_iter.c.o
                0x00000000000263d8                nrf_section_iter_next
 .text.startup.main
                0x00000000000263f0       0x30 _build/nrf52832_xxaa/main.c.o
                0x00000000000263f0                main
 .text.SystemInit
                0x0000000000026420      0x3c0 _build/nrf52832_xxaa/system_nrf52.c.o
                0x0000000000026420                SystemInit
 .text.SWI2_EGU2_IRQHandler
                0x00000000000267e0       0x2c _build/nrf52832_xxaa/nrf_sdh.c.o
                0x00000000000267e0                SWI2_EGU2_IRQHandler
 .text.sd_evt_get
                0x000000000002680c        0x4 _build/nrf52832_xxaa/nrf_sdh_soc.c.o
 .text.nrf_sdh_soc_evts_poll
                0x0000000000026810       0x4c _build/nrf52832_xxaa/nrf_sdh_soc.c.o
 .text.exit     0x000000000002685c       0x28 /usr/bin/../lib/gcc/arm-none-eabi/7.3.1/../../../../arm-none-eabi/lib/thumb/v7e-m/fpv4-sp/hard/libc_nano.a(lib_a-exit.o)
                0x000000000002685c                exit
 .text.__libc_init_array
                0x0000000000026884       0x48 /usr/bin/../lib/gcc/arm-none-eabi/7.3.1/../../../../arm-none-eabi/lib/thumb/v7e-m/fpv4-sp/hard/libc_nano.a(lib_a-init.o)
                0x0000000000026884                __libc_init_array
 .text.memset   0x00000000000268cc       0x10 /usr/bin/../lib/gcc/arm-none-eabi/7.3.1/../../../../arm-none-eabi/lib/thumb/v7e-m/fpv4-sp/hard/libc_nano.a(lib_a-memset.o)
                0x00000000000268cc                memset
 .text._exit    0x00000000000268dc        0x4 /usr/bin/../lib/gcc/arm-none-eabi/7.3.1/../../../../arm-none-eabi/lib/thumb/v7e-m/fpv4-sp/hard/libnosys.a(_exit.o)
                0x00000000000268dc                _exit
 *(.init)
 .init          0x00000000000268e0        0x4 /usr/bin/../lib/gcc/arm-none-eabi/7.3.1/thumb/v7e-m/fpv4-sp/hard/crti.o
                0x00000000000268e0                _init
 .init          0x00000000000268e4        0x8 /usr/bin/../lib/gcc/arm-none-eabi/7.3.1/thumb/v7e-m/fpv4-sp/hard/crtn.o
 *(.fini)
 .fini          0x00000000000268ec        0x4 /usr/bin/../lib/gcc/arm-none-eabi/7.3.1/thumb/v7e-m/fpv4-sp/hard/crti.o
                0x00000000000268ec                _fini
 .fini          0x00000000000268f0        0x8 /usr/bin/../lib/gcc/arm-none-eabi/7.3.1/thumb/v7e-m/fpv4-sp/hard/crtn.o
 *crtbegin.o(.ctors)
 *crtbegin?.o(.ctors)
 *(EXCLUDE_FILE(*crtend.o *crtend?.o) .ctors)
 *(SORT_BY_NAME(.ctors.*))
 *(.ctors)
 *crtbegin.o(.dtors)
 *crtbegin?.o(.dtors)
 *(EXCLUDE_FILE(*crtend.o *crtend?.o) .dtors)
 *(SORT_BY_NAME(.dtors.*))
 *(.dtors)
 *(.rodata*)
 .rodata.m_board_led_list
                0x00000000000268f8        0x4 _build/nrf52832_xxaa/boards.c.o
 *fill*         0x00000000000268fc        0x4 
 .rodata.delay_machine_code.8345
                0x0000000000026900        0x6 _build/nrf52832_xxaa/main.c.o
 *fill*         0x0000000000026906        0x2 
 .rodata.sdh_stack_observers
                0x0000000000026908        0xc _build/nrf52832_xxaa/nrf_sdh.c.o
 .rodata.sdh_soc_observers
                0x0000000000026914        0xc _build/nrf52832_xxaa/nrf_sdh_soc.c.o
 .rodata._global_impure_ptr
                0x0000000000026920        0x4 /usr/bin/../lib/gcc/arm-none-eabi/7.3.1/../../../../arm-none-eabi/lib/thumb/v7e-m/fpv4-sp/hard/libc_nano.a(lib_a-impure.o)
                0x0000000000026920                _global_impure_ptr
 *(.eh_frame*)
 .eh_frame      0x0000000000026924        0x0 /usr/bin/../lib/gcc/arm-none-eabi/7.3.1/thumb/v7e-m/fpv4-sp/hard/crtbegin.o
 .eh_frame      0x0000000000026924        0x4 /usr/bin/../lib/gcc/arm-none-eabi/7.3.1/thumb/v7e-m/fpv4-sp/hard/crtend.o

.glue_7         0x0000000000026928        0x0
 .glue_7        0x0000000000026928        0x0 linker stubs

.glue_7t        0x0000000000026928        0x0
 .glue_7t       0x0000000000026928        0x0 linker stubs

.vfp11_veneer   0x0000000000026928        0x0
 .vfp11_veneer  0x0000000000026928        0x0 linker stubs

.v4_bx          0x0000000000026928        0x0
 .v4_bx         0x0000000000026928        0x0 linker stubs

.iplt           0x0000000000026928        0x0
 .iplt          0x0000000000026928        0x0 /usr/bin/../lib/gcc/arm-none-eabi/7.3.1/thumb/v7e-m/fpv4-sp/hard/crtbegin.o

.mem_section_dummy_rom

.sdh_soc_observers
                0x0000000000026928        0x0
                0x0000000000026928                PROVIDE (__start_sdh_soc_observers = .)
 *(SORT_BY_NAME(.sdh_soc_observers*))
                0x0000000000026928                PROVIDE (__stop_sdh_soc_observers = .)

.sdh_req_observers
                0x0000000000026928        0x0
                0x0000000000026928                PROVIDE (__start_sdh_req_observers = .)
 *(SORT_BY_NAME(.sdh_req_observers*))
                0x0000000000026928                PROVIDE (__stop_sdh_req_observers = .)

.sdh_state_observers
                0x0000000000026928        0x0
                0x0000000000026928                PROVIDE (__start_sdh_state_observers = .)
 *(SORT_BY_NAME(.sdh_state_observers*))
                0x0000000000026928                PROVIDE (__stop_sdh_state_observers = .)

.sdh_stack_observers
                0x0000000000026928        0x8
                0x0000000000026928                PROVIDE (__start_sdh_stack_observers = .)
 *(SORT_BY_NAME(.sdh_stack_observers*))
 .sdh_stack_observers0
                0x0000000000026928        0x8 _build/nrf52832_xxaa/nrf_sdh_soc.c.o
                0x0000000000026930                PROVIDE (__stop_sdh_stack_observers = .)

.log_const_data
                0x0000000000026930        0x0
                [!provide]                        PROVIDE (__start_log_const_data = .)
 *(SORT_BY_NAME(.log_const_data*))
                [!provide]                        PROVIDE (__stop_log_const_data = .)

.log_backends   0x0000000000026930        0x0
                [!provide]                        PROVIDE (__start_log_backends = .)
 *(SORT_BY_NAME(.log_backends*))
                [!provide]                        PROVIDE (__stop_log_backends = .)

.nrf_balloc     0x0000000000026930        0x0
                [!provide]                        PROVIDE (__start_nrf_balloc = .)
 *(.nrf_balloc)
                [!provide]                        PROVIDE (__stop_nrf_balloc = .)

.ARM.extab
 *(.ARM.extab* .gnu.linkonce.armextab.*)
                0x0000000000026930                __exidx_start = .

.ARM.exidx      0x0000000000026930        0x8
 *(.ARM.exidx* .gnu.linkonce.armexidx.*)
 .ARM.exidx     0x0000000000026930        0x8 /usr/bin/../lib/gcc/arm-none-eabi/7.3.1/../../../../arm-none-eabi/lib/thumb/v7e-m/fpv4-sp/hard/crt0.o
                0x0000000000026938                __exidx_end = .
                0x0000000000026938                __etext = .

.rel.dyn        0x0000000000026938        0x0
 .rel.iplt      0x0000000000026938        0x0 /usr/bin/../lib/gcc/arm-none-eabi/7.3.1/thumb/v7e-m/fpv4-sp/hard/crtbegin.o

.data           0x00000000200057b8       0x6c load address 0x0000000000026938
                0x00000000200057b8                __data_start__ = .
 *(vtable)
 *(.data*)
 .data.SystemCoreClock
                0x00000000200057b8        0x4 _build/nrf52832_xxaa/system_nrf52.c.o
                0x00000000200057b8                SystemCoreClock
 .data.impure_data
                0x00000000200057bc       0x60 /usr/bin/../lib/gcc/arm-none-eabi/7.3.1/../../../../arm-none-eabi/lib/thumb/v7e-m/fpv4-sp/hard/libc_nano.a(lib_a-impure.o)
                0x000000002000581c                . = ALIGN (0x4)
                0x000000002000581c                PROVIDE (__preinit_array_start = .)
 *(.preinit_array)
                0x000000002000581c                PROVIDE (__preinit_array_end = .)
                0x000000002000581c                . = ALIGN (0x4)
                0x000000002000581c                PROVIDE (__init_array_start = .)
 *(SORT_BY_NAME(.init_array.*))
 *(.init_array)
 .init_array    0x000000002000581c        0x4 /usr/bin/../lib/gcc/arm-none-eabi/7.3.1/thumb/v7e-m/fpv4-sp/hard/crtbegin.o
                0x0000000020005820                PROVIDE (__init_array_end = .)
                0x0000000020005820                . = ALIGN (0x4)
                [!provide]                        PROVIDE (__fini_array_start = .)
 *(SORT_BY_NAME(.fini_array.*))
 *(.fini_array)
 .fini_array    0x0000000020005820        0x4 /usr/bin/../lib/gcc/arm-none-eabi/7.3.1/thumb/v7e-m/fpv4-sp/hard/crtbegin.o
                [!provide]                        PROVIDE (__fini_array_end = .)
 *(.jcr*)
                0x0000000020005824                . = ALIGN (0x4)
                0x0000000020005824                __data_end__ = .
LOAD /usr/bin/../lib/gcc/arm-none-eabi/7.3.1/thumb/v7e-m/fpv4-sp/hard/crti.o
LOAD /usr/bin/../lib/gcc/arm-none-eabi/7.3.1/thumb/v7e-m/fpv4-sp/hard/crtbegin.o
LOAD /usr/bin/../lib/gcc/arm-none-eabi/7.3.1/../../../../arm-none-eabi/lib/thumb/v7e-m/fpv4-sp/hard/crt0.o
LOAD _build/nrf52832_xxaa/gcc_startup_nrf52.S.o
LOAD _build/nrf52832_xxaa/nrf_log_frontend.c.o
LOAD _build/nrf52832_xxaa/nrf_log_str_formatter.c.o
LOAD _build/nrf52832_xxaa/boards.c.o
LOAD _build/nrf52832_xxaa/app_error.c.o
LOAD _build/nrf52832_xxaa/app_error_handler_gcc.c.o
LOAD _build/nrf52832_xxaa/app_error_weak.c.o
LOAD _build/nrf52832_xxaa/app_util_platform.c.o
LOAD _build/nrf52832_xxaa/nrf_assert.c.o
LOAD _build/nrf52832_xxaa/nrf_atomic.c.o
LOAD _build/nrf52832_xxaa/nrf_balloc.c.o
LOAD _build/nrf52832_xxaa/nrf_fprintf.c.o
LOAD _build/nrf52832_xxaa/nrf_fprintf_format.c.o
LOAD _build/nrf52832_xxaa/nrf_memobj.c.o
LOAD _build/nrf52832_xxaa/nrf_ringbuf.c.o
LOAD _build/nrf52832_xxaa/nrf_section_iter.c.o
LOAD _build/nrf52832_xxaa/nrf_strerror.c.o
LOAD _build/nrf52832_xxaa/nrfx_atomic.c.o
LOAD _build/nrf52832_xxaa/main.c.o
LOAD _build/nrf52832_xxaa/system_nrf52.c.o
LOAD _build/nrf52832_xxaa/nrf_sdh.c.o
LOAD _build/nrf52832_xxaa/nrf_sdh_soc.c.o
LOAD /usr/bin/../lib/gcc/arm-none-eabi/7.3.1/../../../../arm-none-eabi/lib/thumb/v7e-m/fpv4-sp/hard/libc_nano.a
LOAD /usr/bin/../lib/gcc/arm-none-eabi/7.3.1/../../../../arm-none-eabi/lib/thumb/v7e-m/fpv4-sp/hard/libnosys.a
LOAD /usr/bin/../lib/gcc/arm-none-eabi/7.3.1/../../../../arm-none-eabi/lib/thumb/v7e-m/fpv4-sp/hard/libm.a
START GROUP
LOAD /usr/bin/../lib/gcc/arm-none-eabi/7.3.1/thumb/v7e-m/fpv4-sp/hard/libgcc.a
LOAD /usr/bin/../lib/gcc/arm-none-eabi/7.3.1/../../../../arm-none-eabi/lib/thumb/v7e-m/fpv4-sp/hard/libg_nano.a
LOAD /usr/bin/../lib/gcc/arm-none-eabi/7.3.1/../../../../arm-none-eabi/lib/thumb/v7e-m/fpv4-sp/hard/libc_nano.a
END GROUP
START GROUP
LOAD /usr/bin/../lib/gcc/arm-none-eabi/7.3.1/thumb/v7e-m/fpv4-sp/hard/libgcc.a
LOAD /usr/bin/../lib/gcc/arm-none-eabi/7.3.1/../../../../arm-none-eabi/lib/thumb/v7e-m/fpv4-sp/hard/libc_nano.a
END GROUP
LOAD /usr/bin/../lib/gcc/arm-none-eabi/7.3.1/thumb/v7e-m/fpv4-sp/hard/crtend.o
LOAD /usr/bin/../lib/gcc/arm-none-eabi/7.3.1/thumb/v7e-m/fpv4-sp/hard/crtn.o
START GROUP
LOAD /usr/bin/../lib/gcc/arm-none-eabi/7.3.1/thumb/v7e-m/fpv4-sp/hard/libgcc.a
LOAD /usr/bin/../lib/gcc/arm-none-eabi/7.3.1/../../../../arm-none-eabi/lib/thumb/v7e-m/fpv4-sp/hard/libc.a
LOAD /usr/bin/../lib/gcc/arm-none-eabi/7.3.1/../../../../arm-none-eabi/lib/thumb/v7e-m/fpv4-sp/hard/libnosys.a
END GROUP

.igot.plt       0x0000000020005824        0x0 load address 0x00000000000269a4
 .igot.plt      0x0000000020005824        0x0 /usr/bin/../lib/gcc/arm-none-eabi/7.3.1/thumb/v7e-m/fpv4-sp/hard/crtbegin.o
                0x0000000020005824                . = ALIGN (0x4)

.mem_section_dummy_ram

.log_dynamic_data
                0x0000000020005824        0x0
                [!provide]                        PROVIDE (__start_log_dynamic_data = .)
 *(SORT_BY_NAME(.log_dynamic_data*))
                [!provide]                        PROVIDE (__stop_log_dynamic_data = .)

.log_filter_data
                0x0000000020005824        0x0
                [!provide]                        PROVIDE (__start_log_filter_data = .)
 *(SORT_BY_NAME(.log_filter_data*))
                [!provide]                        PROVIDE (__stop_log_filter_data = .)

.bss            0x0000000020005824       0x1c load address 0x00000000000269a4
                0x0000000020005824                . = ALIGN (0x4)
                0x0000000020005824                __bss_start__ = .
 *(.bss*)
 .bss           0x0000000020005824       0x1c /usr/bin/../lib/gcc/arm-none-eabi/7.3.1/thumb/v7e-m/fpv4-sp/hard/crtbegin.o
 *(COMMON)
                0x0000000020005840                . = ALIGN (0x4)
                0x0000000020005840                __bss_end__ = .

.heap           0x0000000020005840     0x2000
                0x0000000020005840                __HeapBase = .
                0x0000000020005840                __end__ = .
                [!provide]                        PROVIDE (end = .)
 *(.heap*)
 .heap          0x0000000020005840     0x2000 _build/nrf52832_xxaa/gcc_startup_nrf52.S.o
                0x0000000020007840                __HeapLimit = .

.stack_dummy    0x0000000020005840     0x2000
 *(.stack*)
 .stack         0x0000000020005840     0x2000 _build/nrf52832_xxaa/gcc_startup_nrf52.S.o
                0x0000000020010000                __StackTop = (ORIGIN (RAM) + LENGTH (RAM))
                0x000000002000e000                __StackLimit = (__StackTop - SIZEOF (.stack_dummy))
                0x0000000020010000                PROVIDE (__stack = __StackTop)
                0x0000000000000001                ASSERT ((__StackLimit >= __HeapLimit), region RAM overflowed with stack)
                0x000000000000006c                DataInitFlashUsed = (__bss_start__ - __data_start__)
                0x0000000000000938                CodeFlashUsed = (__etext - ORIGIN (FLASH))
                0x00000000000009a4                TotalFlashUsed = (CodeFlashUsed + DataInitFlashUsed)
                0x0000000000000001                ASSERT ((TotalFlashUsed <= LENGTH (FLASH)), region FLASH overflowed with .data and user data)
OUTPUT(_build/nrf52832_xxaa.out elf32-littlearm)

.ARM.attributes
                0x0000000000000000       0x30
 .ARM.attributes
                0x0000000000000000       0x22 /usr/bin/../lib/gcc/arm-none-eabi/7.3.1/thumb/v7e-m/fpv4-sp/hard/crti.o
 .ARM.attributes
                0x0000000000000022       0x34 /usr/bin/../lib/gcc/arm-none-eabi/7.3.1/thumb/v7e-m/fpv4-sp/hard/crtbegin.o
 .ARM.attributes
                0x0000000000000056       0x20 /usr/bin/../lib/gcc/arm-none-eabi/7.3.1/../../../../arm-none-eabi/lib/thumb/v7e-m/fpv4-sp/hard/crt0.o
 .ARM.attributes
                0x0000000000000076       0x20 _build/nrf52832_xxaa/gcc_startup_nrf52.S.o
 .ARM.attributes
                0x0000000000000096       0x39 _build/nrf52832_xxaa/boards.c.o
 .ARM.attributes
                0x00000000000000cf       0x39 _build/nrf52832_xxaa/app_error.c.o
 .ARM.attributes
                0x0000000000000108       0x39 _build/nrf52832_xxaa/app_error_weak.c.o
 .ARM.attributes
                0x0000000000000141       0x39 _build/nrf52832_xxaa/nrf_section_iter.c.o
 .ARM.attributes
                0x000000000000017a       0x39 _build/nrf52832_xxaa/main.c.o
 .ARM.attributes
                0x00000000000001b3       0x39 _build/nrf52832_xxaa/system_nrf52.c.o
 .ARM.attributes
                0x00000000000001ec       0x39 _build/nrf52832_xxaa/nrf_sdh.c.o
 .ARM.attributes
                0x0000000000000225       0x39 _build/nrf52832_xxaa/nrf_sdh_soc.c.o
 .ARM.attributes
                0x000000000000025e       0x34 /usr/bin/../lib/gcc/arm-none-eabi/7.3.1/../../../../arm-none-eabi/lib/thumb/v7e-m/fpv4-sp/hard/libc_nano.a(lib_a-exit.o)
 .ARM.attributes
                0x0000000000000292       0x34 /usr/bin/../lib/gcc/arm-none-eabi/7.3.1/../../../../arm-none-eabi/lib/thumb/v7e-m/fpv4-sp/hard/libc_nano.a(lib_a-impure.o)
 .ARM.attributes
                0x00000000000002c6       0x34 /usr/bin/../lib/gcc/arm-none-eabi/7.3.1/../../../../arm-none-eabi/lib/thumb/v7e-m/fpv4-sp/hard/libc_nano.a(lib_a-init.o)
 .ARM.attributes
                0x00000000000002fa       0x34 /usr/bin/../lib/gcc/arm-none-eabi/7.3.1/../../../../arm-none-eabi/lib/thumb/v7e-m/fpv4-sp/hard/libc_nano.a(lib_a-memset.o)
 .ARM.attributes
                0x000000000000032e       0x34 /usr/bin/../lib/gcc/arm-none-eabi/7.3.1/../../../../arm-none-eabi/lib/thumb/v7e-m/fpv4-sp/hard/libnosys.a(_exit.o)
 .ARM.attributes
                0x0000000000000362       0x34 /usr/bin/../lib/gcc/arm-none-eabi/7.3.1/thumb/v7e-m/fpv4-sp/hard/crtend.o
 .ARM.attributes
                0x0000000000000396       0x22 /usr/bin/../lib/gcc/arm-none-eabi/7.3.1/thumb/v7e-m/fpv4-sp/hard/crtn.o

.comment        0x0000000000000000       0x7f
 .comment       0x0000000000000000       0x7f _build/nrf52832_xxaa/boards.c.o
                                         0x80 (size before relaxing)
 .comment       0x000000000000007f       0x80 _build/nrf52832_xxaa/app_error.c.o
 .comment       0x000000000000007f       0x80 _build/nrf52832_xxaa/app_error_weak.c.o
 .comment       0x000000000000007f       0x80 _build/nrf52832_xxaa/nrf_section_iter.c.o
 .comment       0x000000000000007f       0x80 _build/nrf52832_xxaa/main.c.o
 .comment       0x000000000000007f       0x80 _build/nrf52832_xxaa/system_nrf52.c.o
 .comment       0x000000000000007f       0x80 _build/nrf52832_xxaa/nrf_sdh.c.o
 .comment       0x000000000000007f       0x80 _build/nrf52832_xxaa/nrf_sdh_soc.c.o

.debug_line     0x0000000000000000     0x4053
 .debug_line    0x0000000000000000       0xbb _build/nrf52832_xxaa/gcc_startup_nrf52.S.o
 .debug_line    0x00000000000000bb      0xafd _build/nrf52832_xxaa/boards.c.o
 .debug_line    0x0000000000000bb8      0x4fe _build/nrf52832_xxaa/app_error.c.o
 .debug_line    0x00000000000010b6      0x8ab _build/nrf52832_xxaa/app_error_weak.c.o
 .debug_line    0x0000000000001961      0x611 _build/nrf52832_xxaa/nrf_section_iter.c.o
 .debug_line    0x0000000000001f72      0x9e6 _build/nrf52832_xxaa/main.c.o
 .debug_line    0x0000000000002958      0x431 _build/nrf52832_xxaa/system_nrf52.c.o
 .debug_line    0x0000000000002d89      0xa87 _build/nrf52832_xxaa/nrf_sdh.c.o
 .debug_line    0x0000000000003810      0x843 _build/nrf52832_xxaa/nrf_sdh_soc.c.o

.debug_info     0x0000000000000000     0x809d
 .debug_info    0x0000000000000000       0x26 _build/nrf52832_xxaa/gcc_startup_nrf52.S.o
 .debug_info    0x0000000000000026     0x14d0 _build/nrf52832_xxaa/boards.c.o
 .debug_info    0x00000000000014f6      0xaeb _build/nrf52832_xxaa/app_error.c.o
 .debug_info    0x0000000000001fe1      0xe96 _build/nrf52832_xxaa/app_error_weak.c.o
 .debug_info    0x0000000000002e77      0xa21 _build/nrf52832_xxaa/nrf_section_iter.c.o
 .debug_info    0x0000000000003898      0xaca _build/nrf52832_xxaa/main.c.o
 .debug_info    0x0000000000004362     0x1139 _build/nrf52832_xxaa/system_nrf52.c.o
 .debug_info    0x000000000000549b     0x1d8d _build/nrf52832_xxaa/nrf_sdh.c.o
 .debug_info    0x0000000000007228      0xe75 _build/nrf52832_xxaa/nrf_sdh_soc.c.o

.debug_abbrev   0x0000000000000000     0x1620
 .debug_abbrev  0x0000000000000000       0x14 _build/nrf52832_xxaa/gcc_startup_nrf52.S.o
 .debug_abbrev  0x0000000000000014      0x3b5 _build/nrf52832_xxaa/boards.c.o
 .debug_abbrev  0x00000000000003c9      0x235 _build/nrf52832_xxaa/app_error.c.o
 .debug_abbrev  0x00000000000005fe      0x25f _build/nrf52832_xxaa/app_error_weak.c.o
 .debug_abbrev  0x000000000000085d      0x1da _build/nrf52832_xxaa/nrf_section_iter.c.o
 .debug_abbrev  0x0000000000000a37      0x278 _build/nrf52832_xxaa/main.c.o
 .debug_abbrev  0x0000000000000caf      0x1e2 _build/nrf52832_xxaa/system_nrf52.c.o
 .debug_abbrev  0x0000000000000e91      0x4da _build/nrf52832_xxaa/nrf_sdh.c.o
 .debug_abbrev  0x000000000000136b      0x2b5 _build/nrf52832_xxaa/nrf_sdh_soc.c.o

.debug_aranges  0x0000000000000000      0x1e8
 .debug_aranges
                0x0000000000000000       0x20 _build/nrf52832_xxaa/gcc_startup_nrf52.S.o
 .debug_aranges
                0x0000000000000020       0x78 _build/nrf52832_xxaa/boards.c.o
 .debug_aranges
                0x0000000000000098       0x28 _build/nrf52832_xxaa/app_error.c.o
 .debug_aranges
                0x00000000000000c0       0x20 _build/nrf52832_xxaa/app_error_weak.c.o
 .debug_aranges
                0x00000000000000e0       0x28 _build/nrf52832_xxaa/nrf_section_iter.c.o
 .debug_aranges
                0x0000000000000108       0x20 _build/nrf52832_xxaa/main.c.o
 .debug_aranges
                0x0000000000000128       0x28 _build/nrf52832_xxaa/system_nrf52.c.o
 .debug_aranges
                0x0000000000000150       0x70 _build/nrf52832_xxaa/nrf_sdh.c.o
 .debug_aranges
                0x00000000000001c0       0x28 _build/nrf52832_xxaa/nrf_sdh_soc.c.o

.debug_str      0x0000000000000000    0x73909
 .debug_str     0x0000000000000000       0xdc _build/nrf52832_xxaa/gcc_startup_nrf52.S.o
 .debug_str     0x00000000000000dc    0x6dc67 _build/nrf52832_xxaa/boards.c.o
                                      0x6ea91 (size before relaxing)
 .debug_str     0x000000000006dd43      0x154 _build/nrf52832_xxaa/app_error.c.o
                                      0x60a26 (size before relaxing)
 .debug_str     0x000000000006de97     0x3c59 _build/nrf52832_xxaa/app_error_weak.c.o
                                      0x6edcb (size before relaxing)
 .debug_str     0x0000000000071af0      0x290 _build/nrf52832_xxaa/nrf_section_iter.c.o
                                      0x6a3eb (size before relaxing)
 .debug_str     0x0000000000071d80       0xb0 _build/nrf52832_xxaa/main.c.o
                                      0x6e5c8 (size before relaxing)
 .debug_str     0x0000000000071e30      0x502 _build/nrf52832_xxaa/system_nrf52.c.o
                                      0x5c508 (size before relaxing)
 .debug_str     0x0000000000072332      0xcbb _build/nrf52832_xxaa/nrf_sdh.c.o
                                      0x6f799 (size before relaxing)
 .debug_str     0x0000000000072fed      0x91c _build/nrf52832_xxaa/nrf_sdh_soc.c.o
                                      0x6e752 (size before relaxing)

.debug_loc      0x0000000000000000      0xca7
 .debug_loc     0x0000000000000000      0x801 _build/nrf52832_xxaa/boards.c.o
 .debug_loc     0x0000000000000801       0xca _build/nrf52832_xxaa/app_error.c.o
 .debug_loc     0x00000000000008cb       0x42 _build/nrf52832_xxaa/app_error_weak.c.o
 .debug_loc     0x000000000000090d       0x7b _build/nrf52832_xxaa/main.c.o
 .debug_loc     0x0000000000000988      0x2ab _build/nrf52832_xxaa/nrf_sdh.c.o
 .debug_loc     0x0000000000000c33       0x74 _build/nrf52832_xxaa/nrf_sdh_soc.c.o

.debug_ranges   0x0000000000000000      0x598
 .debug_ranges  0x0000000000000000      0x190 _build/nrf52832_xxaa/boards.c.o
 .debug_ranges  0x0000000000000190       0x18 _build/nrf52832_xxaa/app_error.c.o
 .debug_ranges  0x00000000000001a8       0x10 _build/nrf52832_xxaa/app_error_weak.c.o
 .debug_ranges  0x00000000000001b8       0x18 _build/nrf52832_xxaa/nrf_section_iter.c.o
 .debug_ranges  0x00000000000001d0       0x10 _build/nrf52832_xxaa/main.c.o
 .debug_ranges  0x00000000000001e0      0x168 _build/nrf52832_xxaa/system_nrf52.c.o
 .debug_ranges  0x0000000000000348      0x220 _build/nrf52832_xxaa/nrf_sdh.c.o
 .debug_ranges  0x0000000000000568       0x30 _build/nrf52832_xxaa/nrf_sdh_soc.c.o

.debug_macro    0x0000000000000000     0x2e6a
 .debug_macro   0x0000000000000000      0x39b _build/nrf52832_xxaa/boards.c.o
 .debug_macro   0x000000000000039b       0x26 _build/nrf52832_xxaa/boards.c.o
 .debug_macro   0x00000000000003c1      0x3b1 _build/nrf52832_xxaa/boards.c.o
 .debug_macro   0x0000000000000772       0x59 _build/nrf52832_xxaa/boards.c.o
 .debug_macro   0x00000000000007cb       0x1f _build/nrf52832_xxaa/boards.c.o
 .debug_macro   0x00000000000007ea      0x131 _build/nrf52832_xxaa/boards.c.o
 .debug_macro   0x000000000000091b       0x3f _build/nrf52832_xxaa/boards.c.o
 .debug_macro   0x000000000000095a       0x46 _build/nrf52832_xxaa/boards.c.o
 .debug_macro   0x00000000000009a0       0x88 _build/nrf52832_xxaa/boards.c.o
 .debug_macro   0x0000000000000a28       0x3a _build/nrf52832_xxaa/boards.c.o
 .debug_macro   0x0000000000000a62       0x16 _build/nrf52832_xxaa/boards.c.o
 .debug_macro   0x0000000000000a78       0x10 _build/nrf52832_xxaa/boards.c.o
 .debug_macro   0x0000000000000a88       0x10 _build/nrf52832_xxaa/boards.c.o
 .debug_macro   0x0000000000000a98       0xb6 _build/nrf52832_xxaa/boards.c.o
 .debug_macro   0x0000000000000b4e       0x16 _build/nrf52832_xxaa/boards.c.o
 .debug_macro   0x0000000000000b64      0x129 _build/nrf52832_xxaa/boards.c.o
 .debug_macro   0x0000000000000c8d       0x49 _build/nrf52832_xxaa/boards.c.o
 .debug_macro   0x0000000000000cd6       0x8c _build/nrf52832_xxaa/boards.c.o
 .debug_macro   0x0000000000000d62       0x19 _build/nrf52832_xxaa/boards.c.o
 .debug_macro   0x0000000000000d7b       0x1d _build/nrf52832_xxaa/boards.c.o
 .debug_macro   0x0000000000000d98       0x35 _build/nrf52832_xxaa/boards.c.o
 .debug_macro   0x0000000000000dcd       0x7b _build/nrf52832_xxaa/boards.c.o
 .debug_macro   0x0000000000000e48       0x22 _build/nrf52832_xxaa/boards.c.o
 .debug_macro   0x0000000000000e6a       0x40 _build/nrf52832_xxaa/boards.c.o
 .debug_macro   0x0000000000000eaa       0x20 _build/nrf52832_xxaa/boards.c.o
 .debug_macro   0x0000000000000eca       0x16 _build/nrf52832_xxaa/boards.c.o
 .debug_macro   0x0000000000000ee0      0x25a _build/nrf52832_xxaa/boards.c.o
 .debug_macro   0x000000000000113a      0x16d _build/nrf52832_xxaa/boards.c.o
 .debug_macro   0x00000000000012a7      0x22a _build/nrf52832_xxaa/app_error.c.o
 .debug_macro   0x00000000000014d1       0x35 _build/nrf52832_xxaa/app_error.c.o
 .debug_macro   0x0000000000001506       0x97 _build/nrf52832_xxaa/app_error.c.o
 .debug_macro   0x000000000000159d       0xf6 _build/nrf52832_xxaa/app_error.c.o
 .debug_macro   0x0000000000001693      0x37e _build/nrf52832_xxaa/app_error_weak.c.o
 .debug_macro   0x0000000000001a11       0x16 _build/nrf52832_xxaa/app_error_weak.c.o
 .debug_macro   0x0000000000001a27       0x31 _build/nrf52832_xxaa/app_error_weak.c.o
 .debug_macro   0x0000000000001a58       0x16 _build/nrf52832_xxaa/app_error_weak.c.o
 .debug_macro   0x0000000000001a6e       0x55 _build/nrf52832_xxaa/app_error_weak.c.o
 .debug_macro   0x0000000000001ac3      0x17f _build/nrf52832_xxaa/app_error_weak.c.o
 .debug_macro   0x0000000000001c42       0x9a _build/nrf52832_xxaa/app_error_weak.c.o
 .debug_macro   0x0000000000001cdc       0x28 _build/nrf52832_xxaa/app_error_weak.c.o
 .debug_macro   0x0000000000001d04       0x23 _build/nrf52832_xxaa/app_error_weak.c.o
 .debug_macro   0x0000000000001d27       0x1c _build/nrf52832_xxaa/app_error_weak.c.o
 .debug_macro   0x0000000000001d43       0x1c _build/nrf52832_xxaa/app_error_weak.c.o
 .debug_macro   0x0000000000001d5f      0x11b _build/nrf52832_xxaa/app_error_weak.c.o
 .debug_macro   0x0000000000001e7a      0x25b _build/nrf52832_xxaa/nrf_section_iter.c.o
 .debug_macro   0x00000000000020d5       0x11 _build/nrf52832_xxaa/nrf_section_iter.c.o
 .debug_macro   0x00000000000020e6      0x3a5 _build/nrf52832_xxaa/main.c.o
 .debug_macro   0x000000000000248b       0x1c _build/nrf52832_xxaa/main.c.o
 .debug_macro   0x00000000000024a7       0xfc _build/nrf52832_xxaa/system_nrf52.c.o
 .debug_macro   0x00000000000025a3      0x399 _build/nrf52832_xxaa/nrf_sdh.c.o
 .debug_macro   0x000000000000293c       0x2b _build/nrf52832_xxaa/nrf_sdh.c.o
 .debug_macro   0x0000000000002967       0x10 _build/nrf52832_xxaa/nrf_sdh.c.o
 .debug_macro   0x0000000000002977      0x16d _build/nrf52832_xxaa/nrf_sdh.c.o
 .debug_macro   0x0000000000002ae4      0x370 _build/nrf52832_xxaa/nrf_sdh_soc.c.o
 .debug_macro   0x0000000000002e54       0x16 _build/nrf52832_xxaa/nrf_sdh_soc.c.o

.debug_frame    0x0000000000000000      0x3f8
 .debug_frame   0x0000000000000000       0xf4 _build/nrf52832_xxaa/boards.c.o
 .debug_frame   0x00000000000000f4       0x54 _build/nrf52832_xxaa/app_error.c.o
 .debug_frame   0x0000000000000148       0x20 _build/nrf52832_xxaa/app_error_weak.c.o
 .debug_frame   0x0000000000000168       0x30 _build/nrf52832_xxaa/nrf_section_iter.c.o
 .debug_frame   0x0000000000000198       0x2c _build/nrf52832_xxaa/main.c.o
 .debug_frame   0x00000000000001c4       0x40 _build/nrf52832_xxaa/system_nrf52.c.o
 .debug_frame   0x0000000000000204      0x120 _build/nrf52832_xxaa/nrf_sdh.c.o
 .debug_frame   0x0000000000000324       0x40 _build/nrf52832_xxaa/nrf_sdh_soc.c.o
 .debug_frame   0x0000000000000364       0x28 /usr/bin/../lib/gcc/arm-none-eabi/7.3.1/../../../../arm-none-eabi/lib/thumb/v7e-m/fpv4-sp/hard/libc_nano.a(lib_a-exit.o)
 .debug_frame   0x000000000000038c       0x2c /usr/bin/../lib/gcc/arm-none-eabi/7.3.1/../../../../arm-none-eabi/lib/thumb/v7e-m/fpv4-sp/hard/libc_nano.a(lib_a-init.o)
 .debug_frame   0x00000000000003b8       0x20 /usr/bin/../lib/gcc/arm-none-eabi/7.3.1/../../../../arm-none-eabi/lib/thumb/v7e-m/fpv4-sp/hard/libc_nano.a(lib_a-memset.o)
 .debug_frame   0x00000000000003d8       0x20 /usr/bin/../lib/gcc/arm-none-eabi/7.3.1/../../../../arm-none-eabi/lib/thumb/v7e-m/fpv4-sp/hard/libnosys.a(_exit.o)
